=====================================================================
== C:\Arma3Server\viruzserver.exe
== "C:\Arma3Server\viruzserver.exe"  -port=2302 "-config=C:\Arma3Server\ViruZ\serverchernarus.cfg" "-cfg=C:\Arma3Server\ViruZ\basic.cfg" "-profiles=ViruZ" -name=ViruZ -filePatching "-mod=@CBA_A3;@ViruZ;@CUP_Terrains_Core-1.2.0;@CUP_Terrains_Maps-1.2.0;@CUP_Weapons;" "-Servermod=@hive;@CBA_A3;@infiSTAR_A3;@ViruZ;@CUP_Terrains_Core-1.2.0;@CUP_Terrains_Maps-1.2.0;@CUP_Weapons;" -autoinit -loadmissiontomemory

Original output filename: Arma3Retail_Server
Exe timestamp: 2016/10/07 16:49:20
Current time:  2016/10/17 15:01:34

Type: Public
Build: Stable
Version: 1.64.138732

Allocator: C:\Arma3Server\dll\tbb4malloc_bi.dll
=====================================================================

15:01:34 SteamAPI initialization failed. Steam features wont's be accessible!
15:01:34 Initializing stats manager.
15:01:34 Stats config disabled.
15:01:34 sessionID: b16a086195e5dd713b5355e40b6690892b758f2e
15:01:45 Unsupported language English in stringtable
15:01:45 Item str_dn_2b14 listed twice
15:01:45 Item str_mn_pg9 listed twice
15:01:45 Item str_mn_og9 listed twice
15:01:45 Item str_mn_igla listed twice
15:01:45 Item str_dn_ags30 listed twice
15:01:45 Item str_mn_at13 listed twice
15:01:45 Item str_mn_9k32 listed twice
15:01:45 Item str_dn_at13 listed twice
15:01:45 Item str_dn_at13launchersingle listed twice
15:01:45 Item STR_DN_D30 listed twice
15:01:45 Item str_dn_dshkm listed twice
15:01:45 Item str_lib_m2_mg listed twice
15:01:45 Item str_lib_m119 listed twice
15:01:45 Item str_lib_kord listed twice
15:01:45 Item str_lib_dshkm listed twice
15:01:45 Item STR_LIB_D30 listed twice
15:01:45 Item str_lib_ags30 listed twice
15:01:45 Item str_dn_igla_aa_pod_east listed twice
15:01:45 Item str_dn_igla_twice listed twice
15:01:45 Item str_dn_kord listed twice
15:01:45 Item str_dn_kord_low listed twice
15:01:45 Item str_dn_m119 listed twice
15:01:45 Item str_dn_tow_tripod listed twice
15:01:45 Item str_dn_tow listed twice
15:01:45 Item str_dn_spg9 listed twice
15:01:45 Item str_dn_m252 listed twice
15:01:45 Item str_dn_m2hd_minitripod listed twice
15:01:45 Item str_dn_m2_mg listed twice
15:01:45 Item str_dn_mk19_tripod listed twice
15:01:45 Item str_lib_2b14 listed twice
15:01:45 Item str_lib_at13 listed twice
15:01:45 Item str_lib_m252 listed twice
15:01:45 Item str_lib_spg9 listed twice
15:01:45 Unsupported language English in stringtable
15:01:46 Unsupported language English in stringtable
15:01:46 Item str_actions_build listed twice
15:01:46 Unsupported language English in stringtable
15:01:46 Item STR_EQUIP_NAME_41 listed twice
15:01:46 Item STR_EQUIP_DESC_41 listed twice
15:01:47 Conflicting addon viruz_weapons in 'viruz_weapons\melee\', previous definition in 'viruz_weapons\'
15:01:49 Updating base class ->All, by viruz_sound\config.cpp/CfgVehicles/Sound/
15:01:49 Updating base class ->Strategic, by a3\data_f\config.bin/CfgVehicles/ReammoBox/
15:01:49 Updating base class ->NonStrategic, by a3\data_f\config.bin/CfgVehicles/HouseBase/
15:01:49 Updating base class ->DestructionEffects, by a3\data_f\config.bin/CfgVehicles/House/DestructionEffects/
15:01:49 Updating base class RscShortcutButton->RscButton, by a3\editor_f\config.bin/RscDisplayEditObject/Controls/B_OK/
15:01:49 Updating base class RscSliderH->RscXSliderH, by a3\editor_f\config.bin/RscDisplayEditObject/Slider/
15:01:49 Updating base class RscText->RscPicture, by a3\editor_f\config.bin/RscDisplayEditObject/Preview/
15:01:49 Updating base class RscShortcutButton->RscButton, by a3\editor_f\config.bin/RscDisplayMissionLoad/Controls/B_OK/
15:01:49 Updating base class RscShortcutButton->RscButton, by a3\editor_f\config.bin/RscDisplayMissionSave/Controls/B_OK/
15:01:49 Updating base class ->House_F, by a3\structures_f\civ\camping\config.bin/CfgVehicles/Land_FirePlace_F/
15:01:49 Updating base class ->BagFence_base_F, by a3\structures_f\mil\bagfence\config.bin/CfgVehicles/Land_BagFence_Long_F/
15:01:49 Updating base class ->NonStrategic, by a3\structures_f\mil\fortification\config.bin/CfgVehicles/Land_Razorwire_F/
15:01:49 Updating base class ->EtelkaMonospacePro, by a3\uifonts_f\config.bin/CfgFontFamilies/EtelkaMonospaceProBold/
15:01:49 Updating base class ->CAManBase, by ca\desert2_c\characters\config.bin/CfgVehicles/Civilian/
15:01:49 Updating base class BlendAnims->, by a3\anims_f\config\sdr\weaponswitching\config.bin/CfgMovesMaleSdr/BlendAnims/
15:01:49 Updating base class ->RscControlsGroup, by a3\ui_f\config.bin/RscControlsGroupNoScrollbars/
15:01:49 Updating base class ->RscControlsGroup, by a3\ui_f\config.bin/RscControlsGroupNoHScrollbars/
15:01:49 Updating base class ->RscControlsGroup, by a3\ui_f\config.bin/RscControlsGroupNoVScrollbars/
15:01:49 Updating base class ->RscText, by a3\ui_f\config.bin/RscLine/
15:01:49 Updating base class ->RscActiveText, by a3\ui_f\config.bin/RscActivePicture/
15:01:49 Updating base class ->RscButton, by a3\ui_f\config.bin/RscButtonTextOnly/
15:01:49 Updating base class ->RscShortcutButton, by a3\ui_f\config.bin/RscShortcutButtonMain/
15:01:49 Updating base class ->RscShortcutButton, by a3\ui_f\config.bin/RscButtonEditor/
15:01:49 Updating base class ->RscShortcutButton, by a3\ui_f\config.bin/RscIGUIShortcutButton/
15:01:49 Updating base class ->RscShortcutButton, by a3\ui_f\config.bin/RscGearShortcutButton/
15:01:49 Updating base class ->RscShortcutButton, by a3\ui_f\config.bin/RscButtonMenu/
15:01:49 Updating base class ->RscButtonMenu, by a3\ui_f\config.bin/RscButtonMenuOK/
15:01:49 Updating base class ->RscButtonMenu, by a3\ui_f\config.bin/RscButtonMenuCancel/
15:01:49 Updating base class ->RscButtonMenu, by a3\ui_f\config.bin/RscButtonMenuSteam/
15:01:49 Updating base class ->RscText, by a3\ui_f\config.bin/RscLoadingText/
15:01:49 Updating base class ->RscListBox, by a3\ui_f\config.bin/RscIGUIListBox/
15:01:49 Updating base class ->RscListNBox, by a3\ui_f\config.bin/RscIGUIListNBox/
15:01:49 Updating base class ->RscText, by a3\ui_f\config.bin/RscBackground/
15:01:49 Updating base class ->RscText, by a3\ui_f\config.bin/RscBackgroundGUI/
15:01:49 Updating base class ->RscPicture, by a3\ui_f\config.bin/RscBackgroundGUILeft/
15:01:49 Updating base class ->RscPicture, by a3\ui_f\config.bin/RscBackgroundGUIRight/
15:01:49 Updating base class ->RscPicture, by a3\ui_f\config.bin/RscBackgroundGUIBottom/
15:01:49 Updating base class ->RscText, by a3\ui_f\config.bin/RscBackgroundGUITop/
15:01:49 Updating base class ->RscText, by a3\ui_f\config.bin/RscBackgroundGUIDark/
15:01:49 Updating base class ->RscPictureKeepAspect, by a3\ui_f\config.bin/RscBackgroundLogo/
15:01:49 Updating base class ->RscMapControl, by a3\ui_f\config.bin/RscMapControlEmpty/
15:01:49 Updating base class ->RscPicture, by a3\ui_f\config.bin/CA_Mainback/
15:01:49 Updating base class ->CA_Mainback, by a3\ui_f\config.bin/CA_Back/
15:01:49 Updating base class ->CA_Mainback, by a3\ui_f\config.bin/CA_Title_Back/
15:01:49 Updating base class ->CA_Mainback, by a3\ui_f\config.bin/CA_Black_Back/
15:01:49 Updating base class ->RscTitle, by a3\ui_f\config.bin/CA_Title/
15:01:49 Updating base class ->RscPictureKeepAspect, by a3\ui_f\config.bin/CA_Logo/
15:01:49 Updating base class ->CA_Logo, by a3\ui_f\config.bin/CA_Logo_Small/
15:01:49 Updating base class ->RscButton, by a3\ui_f\config.bin/CA_RscButton/
15:01:49 Updating base class ->CA_RscButton, by a3\ui_f\config.bin/CA_RscButton_dialog/
15:01:49 Updating base class ->RscActiveText, by a3\ui_f\config.bin/CA_Ok/
15:01:49 Updating base class ->RscText, by a3\ui_f\config.bin/CA_Ok_image/
15:01:49 Updating base class ->RscText, by a3\ui_f\config.bin/CA_Ok_image2/
15:01:49 Updating base class ->RscText, by a3\ui_f\config.bin/CA_Ok_text/
15:01:49 Updating base class ->RscPicture, by a3\ui_f\config.bin/RscVignette/
15:01:49 Updating base class ->RscControlsGroupNoScrollbars, by a3\ui_f\config.bin/RscMapControlTooltip/
15:01:49 Updating base class RscUnitInfo->RscUnitInfoAirNoWeapon, by a3\ui_f\config.bin/RscInGameUI/RscUnitInfoAir/
15:01:49 Updating base class RscControlsGroup->RscControlsGroupNoScrollbars, by a3\ui_f\config.bin/RscInGameUI/RscTaskOverview/controls/TaskOverviewAssigned/
15:01:49 Updating base class RscShortcutButton->RscButtonMenu, by a3\ui_f\config.bin/RscDisplayDebug/Controls/B_OK/
15:01:49 Updating base class RscShortcutButton->RscButtonMenu, by a3\ui_f\config.bin/RscDisplayDebug/Controls/B_Cancel/
15:01:49 Updating base class RscShortcutButton->RscButtonMenu, by a3\ui_f\config.bin/RscDisplayDebug/Controls/B_Clear/
15:01:49 Updating base class ->RscText, by a3\ui_f\config.bin/RscDisplayCapture/controls/TimeLines/
15:01:49 Updating base class RscShortcutButton->RscButtonMenu, by a3\ui_f\config.bin/RscDisplayCapture/controls/ButtonAverages/
15:01:49 Updating base class RscShortcutButton->RscButtonMenu, by a3\ui_f\config.bin/RscDisplayCapture/controls/ButtonSavePreviousData/
15:01:49 Updating base class RscShortcutButton->RscButtonMenu, by a3\ui_f\config.bin/RscDisplayCapture/controls/ButtonPreviousData/
15:01:49 Updating base class RscPicture->RscPictureKeepAspect, by a3\ui_f\config.bin/RscDisplayMain/IconPicture/
15:01:49 Updating base class IconPicture->RscPictureKeepAspect, by a3\ui_f\config.bin/RscDisplayMain/DlcOwnedIconPicture/
15:01:49 Updating base class IconPicture->RscPictureKeepAspect, by a3\ui_f\config.bin/RscDisplayMain/DlcIconPicture/
15:01:49 Updating base class RscControlsGroup->RscControlsGroupNoScrollbars, by a3\ui_f\config.bin/RscDisplayCampaignLoad/controls/OverviewGroup/
15:01:49 Updating base class RscButton->RscButtonSearch, by a3\ui_f\config.bin/RscDisplayCampaignLoad/controls/SearchButton/
15:01:49 Updating base class RscShortcutButton->RscButtonMenuCancel, by a3\ui_f\config.bin/RscDisplayCampaignLoad/controls/ButtonCancel/
15:01:49 Updating base class RscShortcutButton->RscButtonMenu, by a3\ui_f\config.bin/RscDisplayCampaignLoad/controls/ButtonGameOptions/
15:01:49 Updating base class RscShortcutButton->RscButtonMenuSteam, by a3\ui_f\config.bin/RscDisplayCampaignLoad/controls/ButtonBuyDLC/
15:01:49 Updating base class RscShortcutButton->RscButtonMenu, by a3\ui_f\config.bin/RscDisplayCampaignLoad/controls/ButtonRevert/
15:01:49 Updating base class RscShortcutButton->RscButtonMenuOK, by a3\ui_f\config.bin/RscDisplayCampaignLoad/controls/ButtonOK/
15:01:49 Updating base class RscListBox->RscCombo, by a3\ui_f\config.bin/RscDisplayCustomizeController/Steepness/
15:01:49 Updating base class ->RscStandardDisplay, by a3\ui_f\config.bin/RscDisplayControlSchemes/
15:01:49 Updating base class ButtonOK->RscButtonMenuCancel, by a3\ui_f\config.bin/RscDisplayControlSchemes/controls/ButtonCancel/
15:01:49 Updating base class RscButton->RscButtonMenuOK, by a3\ui_f\config.bin/RscDisplayControlSchemes/controls/ButtonOK/
15:01:49 Updating base class RscPicture->RscPictureKeepAspect, by a3\ui_f\config.bin/RscDisplayFileSelectImage/controls/OverviewPicture/
15:01:49 Updating base class RscShortcutButton->RscButtonMenuCancel, by a3\ui_f\config.bin/RscDisplayFieldManual/controls/ButtonCancel/
15:01:49 Cannot delete class B_KickOff, it is referenced somewhere (used as a base class probably).
15:01:49 Updating base class RscButton->RscButtonMenuCancel, by a3\ui_f\config.bin/RscDisplayPublishMission/controls/ButtonCancel/
15:01:49 Updating base class RscShortcutButton->RscButtonMenuOK, by a3\ui_f\config.bin/RscDisplayPublishMissionSelectTags/controls/ButtonOK/
15:01:49 Updating base class ButtonOK->RscButtonMenuCancel, by a3\ui_f\config.bin/RscDisplayPublishMissionSelectTags/controls/ButtonCancel/
15:01:49 Updating base class ->RscSubmenu, by a3\ui_f\config.bin/RscMainMenu/
15:01:49 Cannot update non class from class a3\ui_f\config.bin/RscCallSupport/Items/
15:01:49 Cannot update non class from class a3\ui_f\config.bin/RscRadio/Items/
15:01:49 Updating base class ->DistanceClose, by a3\ui_f\config.bin/CfgSimpleTasks/Icon3D/DistanceMid/
15:01:49 Updating base class ->DistanceClose, by a3\ui_f\config.bin/CfgSimpleTasks/Icon3D/DistanceLong/
15:01:49 Updating base class ->Grenade, by a3\weapons_f\config.bin/CfgAmmo/GrenadeHand/
15:01:49 Updating base class ->GrenadeHand, by a3\weapons_f\config.bin/CfgAmmo/SmokeShell/
15:01:49 Updating base class ->Default, by a3\weapons_f\config.bin/CfgMagazines/CA_Magazine/
15:01:49 Updating base class ->CA_Magazine, by a3\weapons_f\config.bin/CfgMagazines/HandGrenade/
15:01:49 Updating base class ->Default, by a3\weapons_f\config.bin/CfgWeapons/ItemCore/
15:01:49 Updating base class ->PipeBombCore, by a3\weapons_f\explosives\config.bin/CfgAmmo/PipeBombBase/
15:01:49 Cannot delete class ProgressMap, it is referenced somewhere (used as a base class probably).
15:01:49 Updating base class RscPictureKeepAspect->RscPicture, by z\addons\viruz_mod\config.cpp/RscDisplayLoadMission/controls/LoadingStart/controls/Logo/
15:01:49 Updating base class RscDisplayLoadMission->RscStandardDisplay, by z\addons\viruz_mod\config.cpp/RscDisplayLoadCustom/
15:01:49 Cannot delete class ProgressMap, it is referenced somewhere (used as a base class probably).
15:01:49 Updating base class RscPictureKeepAspect->RscPicture, by z\addons\viruz_mod\config.cpp/RscDisplayNotFreeze/controls/LoadingStart/controls/Logo/
15:01:49 Updating base class RscDisplayMPPlayers->RscStandardDisplay, by z\addons\viruz_mod\config.cpp/RscDisplayClientWait/
15:01:49 Updating base class RscDisplayLoadMission->RscDisplayLoadViruZ, by z\addons\viruz_mod\config.cpp/RscDisplayLoading/Variants/Loading/
15:01:49 Cannot delete class ExternalContainerBackground, it is referenced somewhere (used as a base class probably).
15:01:49 Updating base class RscActiveText->BaseGroundTab, by z\addons\viruz_mod\config.cpp/RscDisplayInventory/controls/GroundTab/
15:01:49 Updating base class GroundTab->BaseGroundTab, by z\addons\viruz_mod\config.cpp/RscDisplayInventory/controls/SoldierTab/
15:01:49 Updating base class GroundTab->BaseGroundTab, by z\addons\viruz_mod\config.cpp/RscDisplayInventory/controls/SlotPrimary/
15:01:49 Updating base class GroundTab->BaseGroundTab, by z\addons\viruz_mod\config.cpp/RscDisplayInventory/controls/UniformTab/
15:01:49 Updating base class GroundContainer->SoldierContainer, by z\addons\viruz_mod\config.cpp/RscDisplayInventory/controls/UniformContainer/
15:01:49 Updating base class GroundTab->BaseGroundTab, by z\addons\viruz_mod\config.cpp/RscDisplayInventory/controls/ContainerMarker/
15:01:49 Updating base class CA_Title->RscText, by z\addons\viruz_mod\config.cpp/RscDisplayGear/Controls/Gear_Title/
15:01:49 Updating base class Available_items_Text->RscText, by z\addons\viruz_mod\config.cpp/RscDisplayGear/Controls/CA_ItemName/
15:01:49 Updating base class VScrollbar->, by z\addons\viruz_mod\config.cpp/RscDisplayGear/Controls/ListboxArrows/VScrollbar/
15:01:49 Updating base class HScrollbar->, by z\addons\viruz_mod\config.cpp/RscDisplayGear/Controls/ListboxArrows/HScrollbar/
15:01:49 Updating base class VScrollbar->, by z\addons\viruz_mod\config.cpp/RscDisplayGear/Controls/G_GearItems/VScrollbar/
15:01:49 Updating base class HScrollbar->, by z\addons\viruz_mod\config.cpp/RscDisplayGear/Controls/G_GearItems/HScrollbar/
15:01:49 Updating base class CA_Gear_slot_item7->CA_Gear_slot_item1, by z\addons\viruz_mod\config.cpp/RscDisplayGear/Controls/G_GearItems/Controls/CA_Gear_slot_item8/
15:01:49 Updating base class CA_Gear_slot_item7->CA_Gear_slot_item1, by z\addons\viruz_mod\config.cpp/RscDisplayGear/Controls/G_GearItems/Controls/CA_Gear_slot_item9/
15:01:49 Updating base class CA_Gear_slot_item7->CA_Gear_slot_item1, by z\addons\viruz_mod\config.cpp/RscDisplayGear/Controls/G_GearItems/Controls/CA_Gear_slot_item10/
15:01:49 Updating base class CA_Gear_slot_item7->CA_Gear_slot_item1, by z\addons\viruz_mod\config.cpp/RscDisplayGear/Controls/G_GearItems/Controls/CA_Gear_slot_item11/
15:01:49 Updating base class CA_Gear_slot_item7->CA_Gear_slot_item1, by z\addons\viruz_mod\config.cpp/RscDisplayGear/Controls/G_GearItems/Controls/CA_Gear_slot_item12/
15:01:49 Updating base class CA_Gear_slot_handgun_item5->CA_Gear_slot_handgun_item1, by z\addons\viruz_mod\config.cpp/RscDisplayGear/Controls/G_GearItems/Controls/CA_Gear_slot_handgun_item6/
15:01:49 Updating base class CA_Gear_slot_handgun_item5->CA_Gear_slot_handgun_item1, by z\addons\viruz_mod\config.cpp/RscDisplayGear/Controls/G_GearItems/Controls/CA_Gear_slot_handgun_item7/
15:01:49 Updating base class CA_Gear_slot_handgun_item5->CA_Gear_slot_handgun_item1, by z\addons\viruz_mod\config.cpp/RscDisplayGear/Controls/G_GearItems/Controls/CA_Gear_slot_handgun_item8/
15:01:49 Updating base class CA_Gear_slot_special1->CA_Gear_slot_handgun_item1, by z\addons\viruz_mod\config.cpp/RscDisplayGear/Controls/G_GearItems/Controls/CA_Gear_slot_inventory1/
15:01:49 Updating base class CA_Gear_slot_inventory7->CA_Gear_slot_inventory1, by z\addons\viruz_mod\config.cpp/RscDisplayGear/Controls/G_GearItems/Controls/CA_Gear_slot_inventory8/
15:01:49 Updating base class CA_Gear_slot_inventory7->CA_Gear_slot_inventory1, by z\addons\viruz_mod\config.cpp/RscDisplayGear/Controls/G_GearItems/Controls/CA_Gear_slot_inventory9/
15:01:49 Updating base class CA_Gear_slot_inventory7->CA_Gear_slot_inventory1, by z\addons\viruz_mod\config.cpp/RscDisplayGear/Controls/G_GearItems/Controls/CA_Gear_slot_inventory10/
15:01:49 Updating base class CA_Gear_slot_inventory7->CA_Gear_slot_inventory1, by z\addons\viruz_mod\config.cpp/RscDisplayGear/Controls/G_GearItems/Controls/CA_Gear_slot_inventory11/
15:01:49 Updating base class CA_Gear_slot_inventory7->CA_Gear_slot_inventory1, by z\addons\viruz_mod\config.cpp/RscDisplayGear/Controls/G_GearItems/Controls/CA_Gear_slot_inventory12/
15:01:49 Updating base class CA_Gear_slot_item1->CA_Gear_slot_handgun, by z\addons\viruz_mod\config.cpp/RscDisplayGear/Controls/G_GearItems/Controls/CA_Gear_slot_special1/
15:01:49 Updating base class VScrollbar->, by z\addons\viruz_mod\config.cpp/RscDisplayGear/Controls/BagItemsGroup/VScrollbar/
15:01:49 Updating base class HScrollbar->, by z\addons\viruz_mod\config.cpp/RscDisplayGear/Controls/BagItemsGroup/HScrollbar/
15:01:49 Updating base class ScrollBar->, by z\addons\viruz_mod\config.cpp/RscDisplayGear/Controls/BagItemsGroup/ScrollBar/
15:01:49 Updating base class RscIGUIShortcutButton->RscActiveText, by z\addons\viruz_mod\config.cpp/RscDisplayGear/Controls/ButtonClose/
15:01:49 Updating base class zZombie_BaseD->Civilian, by z\addons\viruz_mod\config.cpp/CfgVehicles/zZombie_Base/
15:01:49 Updating base class HitPoints->, by z\addons\viruz_mod\config.cpp/CfgVehicles/zZombie_Base/HitPoints/
15:01:49 Updating base class HitHead->, by z\addons\viruz_mod\config.cpp/CfgVehicles/zZombie_Base/HitPoints/HitHead/
15:01:49 Updating base class HitBody->HitHead, by z\addons\viruz_mod\config.cpp/CfgVehicles/zZombie_Base/HitPoints/HitBody/
15:01:49 Updating base class HitHands->HitHead, by z\addons\viruz_mod\config.cpp/CfgVehicles/zZombie_Base/HitPoints/HitHands/
15:01:49 Updating base class HitLegs->HitHands, by z\addons\viruz_mod\config.cpp/CfgVehicles/zZombie_Base/HitPoints/HitLegs/
15:01:49 Updating base class ->CAManBase, by a3\characters_f\config.bin/CfgVehicles/SoldierWB/
15:01:49 Updating base class ->B_Soldier_base_F, by a3\characters_f\config.bin/CfgVehicles/B_Soldier_F/
15:01:49 Updating base class ->B_Soldier_diver_base_F, by a3\characters_f\config.bin/CfgVehicles/B_diver_F/
15:01:49 Updating base class ->B_Soldier_sniper_base_F, by a3\characters_f\config.bin/CfgVehicles/B_sniper_F/
15:01:49 Updating base class ->ItemCore, by a3\characters_f\config.bin/CfgWeapons/Uniform_Base/
15:01:49 Updating base class ->ItemCore, by a3\weapons_f\acc\config.bin/CfgWeapons/acc_flashlight/
15:01:49 Updating base class ->Rubber_duck_base_F, by a3\boat_f\boat_transport_01\config.bin/CfgVehicles/B_Boat_Transport_01_F/
15:01:49 Updating base class ->Rubber_duck_base_F, by a3\boat_f\boat_transport_01\config.bin/CfgVehicles/O_Boat_Transport_01_F/
15:01:49 Updating base class ->Rescue_duck_base_F, by a3\boat_f\boat_transport_01\config.bin/CfgVehicles/B_Lifeboat/
15:01:49 Updating base class ->Rescue_duck_base_F, by a3\boat_f\boat_transport_01\config.bin/CfgVehicles/C_Rubberboat/
15:01:49 Updating base class ->Rubber_duck_base_F, by a3\boat_f_beta\boat_transport_01\config.bin/CfgVehicles/I_Boat_Transport_01_F/
15:01:49 Updating base class ->B_Soldier_F, by a3\characters_f\common\config.bin/CfgVehicles/Underwear_F/
15:01:49 Updating base class ->EventHandlers, by a3\characters_f\common\config.bin/CfgVehicles/Underwear_F/EventHandlers/
15:01:49 Updating base class ->Offroad_01_civil_base_F, by a3\soft_f\offroad_01\config.bin/CfgVehicles/C_Offroad_01_F/
15:01:49 Updating base class ->EventHandlers, by a3\soft_f\offroad_01\config.bin/CfgVehicles/C_Offroad_01_F/EventHandlers/
15:01:49 Updating base class ->Car_F, by a3\soft_f_gamma\hatchback_01\config.bin/CfgVehicles/Hatchback_01_base_F/
15:01:49 Updating base class ->Hatchback_01_sport_base_F, by a3\soft_f_gamma\hatchback_01\config.bin/CfgVehicles/C_Hatchback_01_sport_F/
15:01:49 Updating base class ->EventHandlers, by a3\soft_f_gamma\hatchback_01\config.bin/CfgVehicles/C_Hatchback_01_sport_F/EventHandlers/
15:01:49 Updating base class ->Car_F, by a3\soft_f_gamma\suv_01\config.bin/CfgVehicles/SUV_01_base_F/
15:01:49 Updating base class ->InventoryItem_Base_F, by a3\weapons_f_mark\acc\config.bin/CfgWeapons/InventoryUnderItem_Base_F/
15:01:49 Updating base class TargetTraining->TargetGrenadBase, by ca\misc3_c\config.bin/CfgVehicles/TargetGrenade/
15:01:50 Updating base class ->BlendAnims, by a3\soft_f_kart\kart_01\config.bin/CfgMovesMaleSdr/BlendAnims/
15:01:50 Updating base class RscText->ctrlStaticBackgroundDisable, by a3\3den\config.bin/RscDisplayOptionsAudio/ControlsBackground/BackgroundDisable/
15:01:50 Updating base class RscText->ctrlStaticBackgroundDisableTiles, by a3\3den\config.bin/RscDisplayOptionsAudio/ControlsBackground/BackgroundDisableTiles/
15:01:50 Updating base class RscText->ctrlStaticBackgroundDisable, by a3\3den\config.bin/RscDisplayConfigure/ControlsBackground/BackgroundDisable/
15:01:50 Updating base class RscText->ctrlStaticBackgroundDisableTiles, by a3\3den\config.bin/RscDisplayConfigure/ControlsBackground/BackgroundDisableTiles/
15:01:50 Updating base class RscText->ctrlStaticBackgroundDisable, by a3\3den\config.bin/RscDisplayConfigureAction/ControlsBackground/BackgroundDisable/
15:01:50 Updating base class RscText->ctrlStaticBackgroundDisableTiles, by a3\3den\config.bin/RscDisplayConfigureAction/ControlsBackground/BackgroundDisableTiles/
15:01:50 Updating base class RscText->ctrlStaticBackgroundDisable, by a3\3den\config.bin/RscDisplayConfigureControllers/ControlsBackground/BackgroundDisable/
15:01:50 Updating base class RscText->ctrlStaticBackgroundDisableTiles, by a3\3den\config.bin/RscDisplayConfigureControllers/ControlsBackground/BackgroundDisableTiles/
15:01:50 Updating base class RscText->ctrlStaticBackgroundDisable, by a3\3den\config.bin/RscDisplayGameOptions/ControlsBackground/BackgroundDisable/
15:01:50 Updating base class RscText->ctrlStaticBackgroundDisableTiles, by a3\3den\config.bin/RscDisplayGameOptions/ControlsBackground/BackgroundDisableTiles/
15:01:50 Updating base class controls->, by a3\3den\config.bin/RscDisplayArcadeMap_Layout_2/Controls/
15:01:50 Updating base class controls->, by a3\3den\config.bin/RscDisplayArcadeMap_Layout_6/Controls/
15:01:50 Updating base class HouseBase->Static, by a3\3den\config.bin/CfgVehicles/Ruins/
15:01:50 Updating base class Strategic->Static, by a3\3den\config.bin/CfgVehicles/BagFence_base_F/
15:01:50 Updating base class NonStrategic->Static, by a3\3den\config.bin/CfgVehicles/HBarrier_base_F/
15:01:50 Updating base class House_F->Static, by a3\3den\config.bin/CfgVehicles/VR_Shape_base_F/
15:01:50 Updating base class House_F->Static, by a3\3den\config.bin/CfgVehicles/VR_CoverObject_base_F/
15:01:50 Updating base class House_Small_F->Static, by a3\3den\config.bin/CfgVehicles/Garbage_base_F/
15:01:50 Updating base class Wreck_Base->Static, by a3\3den\config.bin/CfgVehicles/Wreck_base_F/
15:01:50 Updating base class House_Small_F->Static, by a3\3den\config.bin/CfgVehicles/Cemetery_base_F/
15:01:50 Updating base class NonStrategic->Static, by a3\3den\config.bin/CfgVehicles/Scrapyard_base_F/
15:01:50 Updating base class NonStrategic->Static, by a3\3den\config.bin/CfgVehicles/LuggageHeap_base_F/
15:01:50 Updating base class Static->ThingX, by a3\props_f_exp\infrastructure\traffic\config.bin/CfgVehicles/Land_VergeRock_01_F/
15:01:50 Updating base class Static->House_F, by a3\structures_f_exp\cultural\basaltruins\config.bin/CfgVehicles/BasaltRuins_base_F/
15:01:50 Updating base class Static->Wall_F, by a3\structures_f_exp\walls\stone\config.bin/CfgVehicles/Land_StoneWall_01_s_10m_F/
15:01:50 Updating base class Static->Wall_F, by a3\structures_f_exp\walls\stone\config.bin/CfgVehicles/Land_StoneWall_01_s_d_F/
15:01:50 Updating base class Rifle_Short_Base_F->Rifle_Base_F, by a3\weapons_f_exp\config.bin/CfgWeapons/SMG_02_base_F/
15:01:50 Updating base class ->asdg_SlotInfo, by x\cba\addons\jr\config.bin/asdg_FrontSideRail/
15:01:51 Updating base class ->asdg_OpticSideMount, by CUP\Weapons\CUP_Weapons_East_Attachments\config.bin/CUP_DovetailMount/
15:01:51 Updating base class ->asdg_OpticRail1913_long, by CUP\Weapons\CUP_Weapons_West_Attachments\config.bin/CUP_PicatinnyTopMount/
15:01:51 Updating base class ->asdg_OpticRail1913_short, by CUP\Weapons\CUP_Weapons_West_Attachments\config.bin/CUP_PicatinnyTopShortMount/
15:01:51 Updating base class ->asdg_FrontSideRail, by CUP\Weapons\CUP_Weapons_West_Attachments\config.bin/CUP_PicatinnySideMount/
15:01:51 Updating base class ->asdg_UnderSlot, by CUP\Weapons\CUP_Weapons_West_Attachments\config.bin/CUP_PicatinnyUnderMount/
15:01:53 Initializing Steam Manager
15:01:53 Steam Manager initialized.
15:01:53 
15:01:53 ==== Loaded addons ====
15:01:53 
15:01:53 dta\bin.pbo - unknown
15:01:53 dta\core.pbo - 105269
15:01:53 dta\languagecore_f.pbo - 106537
15:01:53 C:\Arma3Server\@CUP_Weapons\addons\cup_baseconfigs.pbo - unknown
15:01:53 C:\Arma3Server\@CUP_Weapons\addons\cup_basedata.pbo - unknown
15:01:53 C:\Arma3Server\@CUP_Weapons\addons\cup_weapons_aa12.pbo - unknown
15:01:53 C:\Arma3Server\@CUP_Weapons\addons\cup_weapons_ak.pbo - unknown
15:01:53 C:\Arma3Server\@CUP_Weapons\addons\cup_weapons_ammoboxes.pbo - unknown
15:01:53 C:\Arma3Server\@CUP_Weapons\addons\cup_weapons_ammunition.pbo - unknown
15:01:53 C:\Arma3Server\@CUP_Weapons\addons\cup_weapons_as50.pbo - unknown
15:01:53 C:\Arma3Server\@CUP_Weapons\addons\cup_weapons_awm.pbo - unknown
15:01:53 C:\Arma3Server\@CUP_Weapons\addons\cup_weapons_backpacks.pbo - unknown
15:01:53 C:\Arma3Server\@CUP_Weapons\addons\cup_weapons_bizon.pbo - unknown
15:01:53 C:\Arma3Server\@CUP_Weapons\addons\cup_weapons_colt1911.pbo - unknown
15:01:53 C:\Arma3Server\@CUP_Weapons\addons\cup_weapons_compact.pbo - unknown
15:01:53 C:\Arma3Server\@CUP_Weapons\addons\cup_weapons_compatibility.pbo - unknown
15:01:53 C:\Arma3Server\@CUP_Weapons\addons\cup_weapons_curator.pbo - unknown
15:01:53 C:\Arma3Server\@CUP_Weapons\addons\cup_weapons_cz750.pbo - unknown
15:01:53 C:\Arma3Server\@CUP_Weapons\addons\cup_weapons_cz805.pbo - unknown
15:01:53 C:\Arma3Server\@CUP_Weapons\addons\cup_weapons_duty.pbo - unknown
15:01:53 C:\Arma3Server\@CUP_Weapons\addons\cup_weapons_east_attachments.pbo - unknown
15:01:53 C:\Arma3Server\@CUP_Weapons\addons\cup_weapons_evo.pbo - unknown
15:01:53 C:\Arma3Server\@CUP_Weapons\addons\cup_weapons_fnfal.pbo - unknown
15:01:53 C:\Arma3Server\@CUP_Weapons\addons\cup_weapons_g36.pbo - unknown
15:01:53 C:\Arma3Server\@CUP_Weapons\addons\cup_weapons_glock17.pbo - unknown
15:01:53 C:\Arma3Server\@CUP_Weapons\addons\cup_weapons_grenadelaunchers.pbo - unknown
15:01:53 C:\Arma3Server\@CUP_Weapons\addons\cup_weapons_grenades.pbo - unknown
15:01:53 C:\Arma3Server\@CUP_Weapons\addons\cup_weapons_huntingrifle.pbo - unknown
15:01:53 C:\Arma3Server\@CUP_Weapons\addons\cup_weapons_igla.pbo - unknown
15:01:53 C:\Arma3Server\@CUP_Weapons\addons\cup_weapons_items.pbo - unknown
15:01:53 C:\Arma3Server\@CUP_Weapons\addons\cup_weapons_javelin.pbo - unknown
15:01:53 C:\Arma3Server\@CUP_Weapons\addons\cup_weapons_ksvk.pbo - unknown
15:01:53 C:\Arma3Server\@CUP_Weapons\addons\cup_weapons_l110.pbo - unknown
15:01:53 C:\Arma3Server\@CUP_Weapons\addons\cup_weapons_l129.pbo - unknown
15:01:53 C:\Arma3Server\@CUP_Weapons\addons\cup_weapons_l85.pbo - unknown
15:01:53 C:\Arma3Server\@CUP_Weapons\addons\cup_weapons_leeenfield.pbo - unknown
15:01:53 C:\Arma3Server\@CUP_Weapons\addons\cup_weapons_m1014.pbo - unknown
15:01:53 C:\Arma3Server\@CUP_Weapons\addons\cup_weapons_m107.pbo - unknown
15:01:53 C:\Arma3Server\@CUP_Weapons\addons\cup_weapons_m110.pbo - unknown
15:01:53 C:\Arma3Server\@CUP_Weapons\addons\cup_weapons_m136.pbo - unknown
15:01:53 C:\Arma3Server\@CUP_Weapons\addons\cup_weapons_m14.pbo - unknown
15:01:53 C:\Arma3Server\@CUP_Weapons\addons\cup_weapons_m14_dmr.pbo - unknown
15:01:53 C:\Arma3Server\@CUP_Weapons\addons\cup_weapons_m16.pbo - unknown
15:01:53 C:\Arma3Server\@CUP_Weapons\addons\cup_weapons_m24.pbo - unknown
15:01:53 C:\Arma3Server\@CUP_Weapons\addons\cup_weapons_m240.pbo - unknown
15:01:53 C:\Arma3Server\@CUP_Weapons\addons\cup_weapons_m249.pbo - unknown
15:01:53 C:\Arma3Server\@CUP_Weapons\addons\cup_weapons_m47.pbo - unknown
15:01:53 C:\Arma3Server\@CUP_Weapons\addons\cup_weapons_m60e4.pbo - unknown
15:01:53 C:\Arma3Server\@CUP_Weapons\addons\cup_weapons_m9.pbo - unknown
15:01:53 C:\Arma3Server\@CUP_Weapons\addons\cup_weapons_maaws.pbo - unknown
15:01:53 C:\Arma3Server\@CUP_Weapons\addons\cup_weapons_makarov.pbo - unknown
15:01:53 C:\Arma3Server\@CUP_Weapons\addons\cup_weapons_metis_at_13.pbo - unknown
15:01:53 C:\Arma3Server\@CUP_Weapons\addons\cup_weapons_microuzi.pbo - unknown
15:01:53 C:\Arma3Server\@CUP_Weapons\addons\cup_weapons_mk48.pbo - unknown
15:01:53 C:\Arma3Server\@CUP_Weapons\addons\cup_weapons_mp5.pbo - unknown
15:01:53 C:\Arma3Server\@CUP_Weapons\addons\cup_weapons_nlaw.pbo - unknown
15:01:53 C:\Arma3Server\@CUP_Weapons\addons\cup_weapons_nvg.pbo - unknown
15:01:53 C:\Arma3Server\@CUP_Weapons\addons\cup_weapons_pb_6p9.pbo - unknown
15:01:53 C:\Arma3Server\@CUP_Weapons\addons\cup_weapons_phantom.pbo - unknown
15:01:53 C:\Arma3Server\@CUP_Weapons\addons\cup_weapons_pk.pbo - unknown
15:01:53 C:\Arma3Server\@CUP_Weapons\addons\cup_weapons_pods.pbo - unknown
15:01:53 C:\Arma3Server\@CUP_Weapons\addons\cup_weapons_put.pbo - unknown
15:01:53 C:\Arma3Server\@CUP_Weapons\addons\cup_weapons_revolver.pbo - unknown
15:01:53 C:\Arma3Server\@CUP_Weapons\addons\cup_weapons_rpg18.pbo - unknown
15:01:53 C:\Arma3Server\@CUP_Weapons\addons\cup_weapons_rpg7.pbo - unknown
15:01:53 C:\Arma3Server\@CUP_Weapons\addons\cup_weapons_sa58.pbo - unknown
15:01:53 C:\Arma3Server\@CUP_Weapons\addons\cup_weapons_sa61.pbo - unknown
15:01:53 C:\Arma3Server\@CUP_Weapons\addons\cup_weapons_saiga12k.pbo - unknown
15:01:53 C:\Arma3Server\@CUP_Weapons\addons\cup_weapons_scar.pbo - unknown
15:01:53 C:\Arma3Server\@CUP_Weapons\addons\cup_weapons_shield.pbo - unknown
15:01:53 C:\Arma3Server\@CUP_Weapons\addons\cup_weapons_smaw.pbo - unknown
15:01:53 C:\Arma3Server\@CUP_Weapons\addons\cup_weapons_sounds.pbo - unknown
15:01:53 C:\Arma3Server\@CUP_Weapons\addons\cup_weapons_soundshaders.pbo - unknown
15:01:53 C:\Arma3Server\@CUP_Weapons\addons\cup_weapons_staticweapons.pbo - unknown
15:01:53 C:\Arma3Server\@CUP_Weapons\addons\cup_weapons_stinger.pbo - unknown
15:01:53 C:\Arma3Server\@CUP_Weapons\addons\cup_weapons_strela_2.pbo - unknown
15:01:53 C:\Arma3Server\@CUP_Weapons\addons\cup_weapons_svd.pbo - unknown
15:01:53 C:\Arma3Server\@CUP_Weapons\addons\cup_weapons_uk59.pbo - unknown
15:01:53 C:\Arma3Server\@CUP_Weapons\addons\cup_weapons_vehicleweapons.pbo - unknown
15:01:53 C:\Arma3Server\@CUP_Weapons\addons\cup_weapons_vss.pbo - unknown
15:01:53 C:\Arma3Server\@CUP_Weapons\addons\cup_weapons_weaponscore.pbo - unknown
15:01:53 C:\Arma3Server\@CUP_Weapons\addons\cup_weapons_weaponsdata.pbo - unknown
15:01:53 C:\Arma3Server\@CUP_Weapons\addons\cup_weapons_west_attachments.pbo - unknown
15:01:53 C:\Arma3Server\@CUP_Weapons\addons\cup_weapons_xm8.pbo - unknown
15:01:53 C:\Arma3Server\@CUP_Terrains_Maps-1.2.0\addons\cup_terrains_maps_abel.pbo - unknown
15:01:53 C:\Arma3Server\@CUP_Terrains_Maps-1.2.0\addons\cup_terrains_maps_abel_c.pbo - unknown
15:01:53 C:\Arma3Server\@CUP_Terrains_Maps-1.2.0\addons\cup_terrains_maps_afghan.pbo - unknown
15:01:53 C:\Arma3Server\@CUP_Terrains_Maps-1.2.0\addons\cup_terrains_maps_afghan_c.pbo - unknown
15:01:53 C:\Arma3Server\@CUP_Terrains_Maps-1.2.0\addons\cup_terrains_maps_bohemia.pbo - unknown
15:01:53 C:\Arma3Server\@CUP_Terrains_Maps-1.2.0\addons\cup_terrains_maps_bohemia_c.pbo - unknown
15:01:53 C:\Arma3Server\@CUP_Terrains_Maps-1.2.0\addons\cup_terrains_maps_bootcamp_acr.pbo - unknown
15:01:53 C:\Arma3Server\@CUP_Terrains_Maps-1.2.0\addons\cup_terrains_maps_bootcamp_acr_c.pbo - unknown
15:01:53 C:\Arma3Server\@CUP_Terrains_Maps-1.2.0\addons\cup_terrains_maps_cain.pbo - unknown
15:01:53 C:\Arma3Server\@CUP_Terrains_Maps-1.2.0\addons\cup_terrains_maps_cain_c.pbo - unknown
15:01:53 C:\Arma3Server\@CUP_Terrains_Maps-1.2.0\addons\cup_terrains_maps_chernarus.pbo - unknown
15:01:53 C:\Arma3Server\@CUP_Terrains_Maps-1.2.0\addons\cup_terrains_maps_chernarus_c.pbo - unknown
15:01:53 C:\Arma3Server\@CUP_Terrains_Maps-1.2.0\addons\cup_terrains_maps_chernarus_summer.pbo - unknown
15:01:53 C:\Arma3Server\@CUP_Terrains_Maps-1.2.0\addons\cup_terrains_maps_chernarus_summer_c.pbo - unknown
15:01:53 C:\Arma3Server\@CUP_Terrains_Maps-1.2.0\addons\cup_terrains_maps_desert.pbo - unknown
15:01:53 C:\Arma3Server\@CUP_Terrains_Maps-1.2.0\addons\cup_terrains_maps_desert2.pbo - unknown
15:01:53 C:\Arma3Server\@CUP_Terrains_Maps-1.2.0\addons\cup_terrains_maps_desert2_c.pbo - unknown
15:01:53 C:\Arma3Server\@CUP_Terrains_Maps-1.2.0\addons\cup_terrains_maps_desert_c.pbo - unknown
15:01:53 C:\Arma3Server\@CUP_Terrains_Maps-1.2.0\addons\cup_terrains_maps_desert_e.pbo - unknown
15:01:53 C:\Arma3Server\@CUP_Terrains_Maps-1.2.0\addons\cup_terrains_maps_desert_e_c.pbo - unknown
15:01:53 C:\Arma3Server\@CUP_Terrains_Maps-1.2.0\addons\cup_terrains_maps_eden.pbo - unknown
15:01:53 C:\Arma3Server\@CUP_Terrains_Maps-1.2.0\addons\cup_terrains_maps_eden_c.pbo - unknown
15:01:53 C:\Arma3Server\@CUP_Terrains_Maps-1.2.0\addons\cup_terrains_maps_intro.pbo - unknown
15:01:53 C:\Arma3Server\@CUP_Terrains_Maps-1.2.0\addons\cup_terrains_maps_intro_c.pbo - unknown
15:01:53 C:\Arma3Server\@CUP_Terrains_Maps-1.2.0\addons\cup_terrains_maps_noe.pbo - unknown
15:01:53 C:\Arma3Server\@CUP_Terrains_Maps-1.2.0\addons\cup_terrains_maps_noe_c.pbo - unknown
15:01:53 C:\Arma3Server\@CUP_Terrains_Maps-1.2.0\addons\cup_terrains_maps_provinggrounds_pmc.pbo - unknown
15:01:53 C:\Arma3Server\@CUP_Terrains_Maps-1.2.0\addons\cup_terrains_maps_provinggrounds_pmc_c.pbo - unknown
15:01:53 C:\Arma3Server\@CUP_Terrains_Maps-1.2.0\addons\cup_terrains_maps_sara.pbo - unknown
15:01:53 C:\Arma3Server\@CUP_Terrains_Maps-1.2.0\addons\cup_terrains_maps_saralite.pbo - unknown
15:01:53 C:\Arma3Server\@CUP_Terrains_Maps-1.2.0\addons\cup_terrains_maps_saralite_c.pbo - unknown
15:01:53 C:\Arma3Server\@CUP_Terrains_Maps-1.2.0\addons\cup_terrains_maps_sara_c.pbo - unknown
15:01:53 C:\Arma3Server\@CUP_Terrains_Maps-1.2.0\addons\cup_terrains_maps_sara_dbe1.pbo - unknown
15:01:53 C:\Arma3Server\@CUP_Terrains_Maps-1.2.0\addons\cup_terrains_maps_sara_dbe1_c.pbo - unknown
15:01:53 C:\Arma3Server\@CUP_Terrains_Maps-1.2.0\addons\cup_terrains_maps_shapur_baf.pbo - unknown
15:01:53 C:\Arma3Server\@CUP_Terrains_Maps-1.2.0\addons\cup_terrains_maps_shapur_baf_c.pbo - unknown
15:01:53 C:\Arma3Server\@CUP_Terrains_Maps-1.2.0\addons\cup_terrains_maps_takistan.pbo - unknown
15:01:53 C:\Arma3Server\@CUP_Terrains_Maps-1.2.0\addons\cup_terrains_maps_takistan_c.pbo - unknown
15:01:53 C:\Arma3Server\@CUP_Terrains_Maps-1.2.0\addons\cup_terrains_maps_utes.pbo - unknown
15:01:53 C:\Arma3Server\@CUP_Terrains_Maps-1.2.0\addons\cup_terrains_maps_utes_c.pbo - unknown
15:01:53 C:\Arma3Server\@CUP_Terrains_Maps-1.2.0\addons\cup_terrains_maps_zargabad.pbo - unknown
15:01:53 C:\Arma3Server\@CUP_Terrains_Maps-1.2.0\addons\cup_terrains_maps_zargabad_c.pbo - unknown
15:01:53 C:\Arma3Server\@CUP_Terrains_Core-1.2.0\addons\cup_terrains_a1always_dummy.pbo - unknown
15:01:53 C:\Arma3Server\@CUP_Terrains_Core-1.2.0\addons\cup_terrains_a1_editorobjects.pbo - unknown
15:01:53 C:\Arma3Server\@CUP_Terrains_Core-1.2.0\addons\cup_terrains_a2_editorobjects.pbo - unknown
15:01:53 C:\Arma3Server\@CUP_Terrains_Core-1.2.0\addons\cup_terrains_aia_compat.pbo - unknown
15:01:53 C:\Arma3Server\@CUP_Terrains_Core-1.2.0\addons\cup_terrains_baseconfig_f.pbo - unknown
15:01:53 C:\Arma3Server\@CUP_Terrains_Core-1.2.0\addons\cup_terrains_buildings.pbo - unknown
15:01:53 C:\Arma3Server\@CUP_Terrains_Core-1.2.0\addons\cup_terrains_ca_a10_dummy.pbo - unknown
15:01:53 C:\Arma3Server\@CUP_Terrains_Core-1.2.0\addons\cup_terrains_ca_air2_dummy.pbo - unknown
15:01:53 C:\Arma3Server\@CUP_Terrains_Core-1.2.0\addons\cup_terrains_ca_air3_dummy.pbo - unknown
15:01:53 C:\Arma3Server\@CUP_Terrains_Core-1.2.0\addons\cup_terrains_ca_air_dummy.pbo - unknown
15:01:53 C:\Arma3Server\@CUP_Terrains_Core-1.2.0\addons\cup_terrains_ca_air_d_baf_dummy.pbo - unknown
15:01:53 C:\Arma3Server\@CUP_Terrains_Core-1.2.0\addons\cup_terrains_ca_air_e_dummy.pbo - unknown
15:01:53 C:\Arma3Server\@CUP_Terrains_Core-1.2.0\addons\cup_terrains_ca_air_pmc_dummy.pbo - unknown
15:01:53 C:\Arma3Server\@CUP_Terrains_Core-1.2.0\addons\cup_terrains_ca_animals2_dummy.pbo - unknown
15:01:53 C:\Arma3Server\@CUP_Terrains_Core-1.2.0\addons\cup_terrains_ca_animations_dummy.pbo - unknown
15:01:53 C:\Arma3Server\@CUP_Terrains_Core-1.2.0\addons\cup_terrains_ca_buildings.pbo - unknown
15:01:53 C:\Arma3Server\@CUP_Terrains_Core-1.2.0\addons\cup_terrains_ca_buildings2.pbo - unknown
15:01:53 C:\Arma3Server\@CUP_Terrains_Core-1.2.0\addons\cup_terrains_ca_buildings2_c.pbo - unknown
15:01:53 C:\Arma3Server\@CUP_Terrains_Core-1.2.0\addons\cup_terrains_ca_buildings_c.pbo - unknown
15:01:53 C:\Arma3Server\@CUP_Terrains_Core-1.2.0\addons\cup_terrains_ca_ca_acr.pbo - unknown
15:01:53 C:\Arma3Server\@CUP_Terrains_Core-1.2.0\addons\cup_terrains_ca_ca_c.pbo - unknown
15:01:53 C:\Arma3Server\@CUP_Terrains_Core-1.2.0\addons\cup_terrains_ca_ca_e.pbo - unknown
15:01:53 C:\Arma3Server\@CUP_Terrains_Core-1.2.0\addons\cup_terrains_ca_ca_pmc.pbo - unknown
15:01:53 C:\Arma3Server\@CUP_Terrains_Core-1.2.0\addons\cup_terrains_ca_characters2_dummy.pbo - unknown
15:01:53 C:\Arma3Server\@CUP_Terrains_Core-1.2.0\addons\cup_terrains_ca_cti_buildings.pbo - unknown
15:01:53 C:\Arma3Server\@CUP_Terrains_Core-1.2.0\addons\cup_terrains_ca_data.pbo - unknown
15:01:53 C:\Arma3Server\@CUP_Terrains_Core-1.2.0\addons\cup_terrains_ca_data_baf.pbo - unknown
15:01:53 C:\Arma3Server\@CUP_Terrains_Core-1.2.0\addons\cup_terrains_ca_data_baf_c.pbo - unknown
15:01:53 C:\Arma3Server\@CUP_Terrains_Core-1.2.0\addons\cup_terrains_ca_hotfix.pbo - unknown
15:01:53 C:\Arma3Server\@CUP_Terrains_Core-1.2.0\addons\cup_terrains_ca_hotfix_c.pbo - unknown
15:01:53 C:\Arma3Server\@CUP_Terrains_Core-1.2.0\addons\cup_terrains_ca_l39_dummy.pbo - unknown
15:01:53 C:\Arma3Server\@CUP_Terrains_Core-1.2.0\addons\cup_terrains_ca_language.pbo - unknown
15:01:53 C:\Arma3Server\@CUP_Terrains_Core-1.2.0\addons\cup_terrains_ca_languagemissions.pbo - unknown
15:01:53 C:\Arma3Server\@CUP_Terrains_Core-1.2.0\addons\cup_terrains_ca_languagemissions_baf.pbo - unknown
15:01:53 C:\Arma3Server\@CUP_Terrains_Core-1.2.0\addons\cup_terrains_ca_languagemissions_e.pbo - unknown
15:01:53 C:\Arma3Server\@CUP_Terrains_Core-1.2.0\addons\cup_terrains_ca_languagemissions_pmc.pbo - unknown
15:01:53 C:\Arma3Server\@CUP_Terrains_Core-1.2.0\addons\cup_terrains_ca_language_acr.pbo - unknown
15:01:53 C:\Arma3Server\@CUP_Terrains_Core-1.2.0\addons\cup_terrains_ca_language_baf.pbo - unknown
15:01:53 C:\Arma3Server\@CUP_Terrains_Core-1.2.0\addons\cup_terrains_ca_language_e.pbo - unknown
15:01:53 C:\Arma3Server\@CUP_Terrains_Core-1.2.0\addons\cup_terrains_ca_language_pmc.pbo - unknown
15:01:53 C:\Arma3Server\@CUP_Terrains_Core-1.2.0\addons\cup_terrains_ca_misc.pbo - unknown
15:01:53 C:\Arma3Server\@CUP_Terrains_Core-1.2.0\addons\cup_terrains_ca_misc2.pbo - unknown
15:01:53 C:\Arma3Server\@CUP_Terrains_Core-1.2.0\addons\cup_terrains_ca_misc3.pbo - unknown
15:01:53 C:\Arma3Server\@CUP_Terrains_Core-1.2.0\addons\cup_terrains_ca_misc3_c.pbo - unknown
15:01:53 C:\Arma3Server\@CUP_Terrains_Core-1.2.0\addons\cup_terrains_ca_misc_acr.pbo - unknown
15:01:53 C:\Arma3Server\@CUP_Terrains_Core-1.2.0\addons\cup_terrains_ca_misc_acr_c.pbo - unknown
15:01:53 C:\Arma3Server\@CUP_Terrains_Core-1.2.0\addons\cup_terrains_ca_misc_baf.pbo - unknown
15:01:53 C:\Arma3Server\@CUP_Terrains_Core-1.2.0\addons\cup_terrains_ca_misc_e.pbo - unknown
15:01:53 C:\Arma3Server\@CUP_Terrains_Core-1.2.0\addons\cup_terrains_ca_misc_e_c.pbo - unknown
15:01:53 C:\Arma3Server\@CUP_Terrains_Core-1.2.0\addons\cup_terrains_ca_mp_armory_dummy.pbo - unknown
15:01:53 C:\Arma3Server\@CUP_Terrains_Core-1.2.0\addons\cup_terrains_ca_plants.pbo - unknown
15:01:53 C:\Arma3Server\@CUP_Terrains_Core-1.2.0\addons\cup_terrains_ca_plants2.pbo - unknown
15:01:53 C:\Arma3Server\@CUP_Terrains_Core-1.2.0\addons\cup_terrains_ca_plants_e.pbo - unknown
15:01:53 C:\Arma3Server\@CUP_Terrains_Core-1.2.0\addons\cup_terrains_ca_plants_e2.pbo - unknown
15:01:53 C:\Arma3Server\@CUP_Terrains_Core-1.2.0\addons\cup_terrains_ca_plants_pmc.pbo - unknown
15:01:53 C:\Arma3Server\@CUP_Terrains_Core-1.2.0\addons\cup_terrains_ca_roads.pbo - unknown
15:01:53 C:\Arma3Server\@CUP_Terrains_Core-1.2.0\addons\cup_terrains_ca_roads2.pbo - unknown
15:01:53 C:\Arma3Server\@CUP_Terrains_Core-1.2.0\addons\cup_terrains_ca_roads_e.pbo - unknown
15:01:53 C:\Arma3Server\@CUP_Terrains_Core-1.2.0\addons\cup_terrains_ca_roads_pmc.pbo - unknown
15:01:53 C:\Arma3Server\@CUP_Terrains_Core-1.2.0\addons\cup_terrains_ca_rocks.pbo - unknown
15:01:53 C:\Arma3Server\@CUP_Terrains_Core-1.2.0\addons\cup_terrains_ca_rocks2.pbo - unknown
15:01:53 C:\Arma3Server\@CUP_Terrains_Core-1.2.0\addons\cup_terrains_ca_rocks_e.pbo - unknown
15:01:53 C:\Arma3Server\@CUP_Terrains_Core-1.2.0\addons\cup_terrains_ca_signs.pbo - unknown
15:01:53 C:\Arma3Server\@CUP_Terrains_Core-1.2.0\addons\cup_terrains_ca_signs2.pbo - unknown
15:01:53 C:\Arma3Server\@CUP_Terrains_Core-1.2.0\addons\cup_terrains_ca_signs_e.pbo - unknown
15:01:53 C:\Arma3Server\@CUP_Terrains_Core-1.2.0\addons\cup_terrains_ca_sounds_c_dummy.pbo - unknown
15:01:53 C:\Arma3Server\@CUP_Terrains_Core-1.2.0\addons\cup_terrains_ca_sounds_dummy.pbo - unknown
15:01:53 C:\Arma3Server\@CUP_Terrains_Core-1.2.0\addons\cup_terrains_ca_sounds_e_dummy.pbo - unknown
15:01:53 C:\Arma3Server\@CUP_Terrains_Core-1.2.0\addons\cup_terrains_ca_structures.pbo - unknown
15:01:53 C:\Arma3Server\@CUP_Terrains_Core-1.2.0\addons\cup_terrains_ca_structures_c.pbo - unknown
15:01:53 C:\Arma3Server\@CUP_Terrains_Core-1.2.0\addons\cup_terrains_ca_structures_e.pbo - unknown
15:01:53 C:\Arma3Server\@CUP_Terrains_Core-1.2.0\addons\cup_terrains_ca_structures_e_c.pbo - unknown
15:01:53 C:\Arma3Server\@CUP_Terrains_Core-1.2.0\addons\cup_terrains_ca_structures_pmc.pbo - unknown
15:01:53 C:\Arma3Server\@CUP_Terrains_Core-1.2.0\addons\cup_terrains_ca_structures_pmc_c.pbo - unknown
15:01:53 C:\Arma3Server\@CUP_Terrains_Core-1.2.0\addons\cup_terrains_ca_tracked2_dummy.pbo - unknown
15:01:53 C:\Arma3Server\@CUP_Terrains_Core-1.2.0\addons\cup_terrains_ca_tracked_dummy.pbo - unknown
15:01:53 C:\Arma3Server\@CUP_Terrains_Core-1.2.0\addons\cup_terrains_ca_tracked_e_dummy.pbo - unknown
15:01:53 C:\Arma3Server\@CUP_Terrains_Core-1.2.0\addons\cup_terrains_ca_uifonts.pbo - unknown
15:01:53 C:\Arma3Server\@CUP_Terrains_Core-1.2.0\addons\cup_terrains_ca_ui_dummy.pbo - unknown
15:01:53 C:\Arma3Server\@CUP_Terrains_Core-1.2.0\addons\cup_terrains_ca_water2_dummy.pbo - unknown
15:01:53 C:\Arma3Server\@CUP_Terrains_Core-1.2.0\addons\cup_terrains_ca_water_dummy.pbo - unknown
15:01:53 C:\Arma3Server\@CUP_Terrains_Core-1.2.0\addons\cup_terrains_ca_weapons2_dummy.pbo - unknown
15:01:53 C:\Arma3Server\@CUP_Terrains_Core-1.2.0\addons\cup_terrains_ca_weapons_dummy.pbo - unknown
15:01:53 C:\Arma3Server\@CUP_Terrains_Core-1.2.0\addons\cup_terrains_ca_weapons_e_dummy.pbo - unknown
15:01:53 C:\Arma3Server\@CUP_Terrains_Core-1.2.0\addons\cup_terrains_ca_weapons_pmc_dummy.pbo - unknown
15:01:53 C:\Arma3Server\@CUP_Terrains_Core-1.2.0\addons\cup_terrains_ca_wheeled2_dummy.pbo - unknown
15:01:53 C:\Arma3Server\@CUP_Terrains_Core-1.2.0\addons\cup_terrains_ca_wheeled_dummy.pbo - unknown
15:01:53 C:\Arma3Server\@CUP_Terrains_Core-1.2.0\addons\cup_terrains_ca_wheeled_e_dummy.pbo - unknown
15:01:53 C:\Arma3Server\@CUP_Terrains_Core-1.2.0\addons\cup_terrains_core.pbo - unknown
15:01:53 C:\Arma3Server\@CUP_Terrains_Core-1.2.0\addons\cup_terrains_cwa.pbo - unknown
15:01:53 C:\Arma3Server\@CUP_Terrains_Core-1.2.0\addons\cup_terrains_cwa_buildings.pbo - unknown
15:01:53 C:\Arma3Server\@CUP_Terrains_Core-1.2.0\addons\cup_terrains_cwa_buildings_c.pbo - unknown
15:01:53 C:\Arma3Server\@CUP_Terrains_Core-1.2.0\addons\cup_terrains_cwa_furniture.pbo - unknown
15:01:53 C:\Arma3Server\@CUP_Terrains_Core-1.2.0\addons\cup_terrains_cwa_misc.pbo - unknown
15:01:53 C:\Arma3Server\@CUP_Terrains_Core-1.2.0\addons\cup_terrains_cwa_noe_buildings.pbo - unknown
15:01:53 C:\Arma3Server\@CUP_Terrains_Core-1.2.0\addons\cup_terrains_cwa_noe_roads.pbo - unknown
15:01:53 C:\Arma3Server\@CUP_Terrains_Core-1.2.0\addons\cup_terrains_cwa_plants.pbo - unknown
15:01:53 C:\Arma3Server\@CUP_Terrains_Core-1.2.0\addons\cup_terrains_cwa_roads.pbo - unknown
15:01:53 C:\Arma3Server\@CUP_Terrains_Core-1.2.0\addons\cup_terrains_cwa_rocks.pbo - unknown
15:01:53 C:\Arma3Server\@CUP_Terrains_Core-1.2.0\addons\cup_terrains_cwa_signs.pbo - unknown
15:01:53 C:\Arma3Server\@CUP_Terrains_Core-1.2.0\addons\cup_terrains_cwa_signs2.pbo - unknown
15:01:53 C:\Arma3Server\@CUP_Terrains_Core-1.2.0\addons\cup_terrains_cwa_sounds.pbo - unknown
15:01:53 C:\Arma3Server\@CUP_Terrains_Core-1.2.0\addons\cup_terrains_dbe1_dummy.pbo - unknown
15:01:53 C:\Arma3Server\@CUP_Terrains_Core-1.2.0\addons\cup_terrains_dbe1_models_dbe1.pbo - unknown
15:01:53 C:\Arma3Server\@CUP_Terrains_Core-1.2.0\addons\cup_terrains_dbe1_models_dbe1_c.pbo - unknown
15:01:53 C:\Arma3Server\@CUP_Terrains_Core-1.2.0\addons\cup_terrains_dummy.pbo - unknown
15:01:53 C:\Arma3Server\@CUP_Terrains_Core-1.2.0\addons\cup_terrains_editor_c.pbo - unknown
15:01:53 C:\Arma3Server\@CUP_Terrains_Core-1.2.0\addons\cup_terrains_hsim_data_h_dummy.pbo - unknown
15:01:53 C:\Arma3Server\@CUP_Terrains_Core-1.2.0\addons\cup_terrains_hsim_languagemissions_h.pbo - unknown
15:01:53 C:\Arma3Server\@CUP_Terrains_Core-1.2.0\addons\cup_terrains_hsim_language_h.pbo - unknown
15:01:53 C:\Arma3Server\@CUP_Terrains_Core-1.2.0\addons\cup_terrains_ibr_plants.pbo - unknown
15:01:53 C:\Arma3Server\@CUP_Terrains_Core-1.2.0\addons\cup_terrains_plants.pbo - unknown
15:01:53 C:\Arma3Server\@CUP_Terrains_Core-1.2.0\addons\cup_terrains_terrains_core.pbo - unknown
15:01:53 C:\Arma3Server\@CUP_Terrains_Core-1.2.0\addons\cup_terrains_worlds.pbo - unknown
15:01:53 C:\Arma3Server\@ViruZ\addons\anims.pbo - unknown
15:01:53 C:\Arma3Server\@ViruZ\addons\anims_rtm.pbo - unknown
15:01:53 C:\Arma3Server\@ViruZ\addons\babe_core.pbo - unknown
15:01:53 C:\Arma3Server\@ViruZ\addons\babe_em.pbo - unknown
15:01:53 C:\Arma3Server\@ViruZ\addons\dbo_old_bike.pbo - unknown
15:01:53 C:\Arma3Server\@ViruZ\addons\fix_a3_weapons_mx.pbo - unknown
15:01:53 C:\Arma3Server\@ViruZ\addons\functions_f_zed.pbo - unknown
15:01:53 C:\Arma3Server\@ViruZ\addons\landrover.pbo - unknown
15:01:53 C:\Arma3Server\@ViruZ\addons\outlw_magrepack.pbo - unknown
15:01:53 C:\Arma3Server\@ViruZ\addons\rds_a2port_civ.pbo - unknown
15:01:53 C:\Arma3Server\@ViruZ\addons\rds_a2port_cman.pbo - unknown
15:01:53 C:\Arma3Server\@ViruZ\addons\viruz_build.pbo - unknown
15:01:53 C:\Arma3Server\@ViruZ\addons\viruz_builds.pbo - unknown
15:01:53 C:\Arma3Server\@ViruZ\addons\viruz_equip.pbo - unknown
15:01:53 C:\Arma3Server\@ViruZ\addons\viruz_map_stratis_scenes.pbo - unknown
15:01:53 C:\Arma3Server\@ViruZ\addons\viruz_mod.pbo - unknown
15:01:53 C:\Arma3Server\@ViruZ\addons\viruz_sound.pbo - unknown
15:01:53 C:\Arma3Server\@ViruZ\addons\viruz_weapons.pbo - unknown
15:01:53 C:\Arma3Server\@ViruZ\addons\viruz_zombie.pbo - unknown
15:01:53 C:\Arma3Server\@CBA_A3\addons\cba_ai.pbo - fc3156bf
15:01:53 C:\Arma3Server\@CBA_A3\addons\cba_arrays.pbo - fc3156bf
15:01:53 C:\Arma3Server\@CBA_A3\addons\cba_common.pbo - fc3156bf
15:01:53 C:\Arma3Server\@CBA_A3\addons\cba_diagnostic.pbo - fc3156bf
15:01:53 C:\Arma3Server\@CBA_A3\addons\cba_events.pbo - fc3156bf
15:01:53 C:\Arma3Server\@CBA_A3\addons\cba_hashes.pbo - fc3156bf
15:01:53 C:\Arma3Server\@CBA_A3\addons\cba_help.pbo - fc3156bf
15:01:53 C:\Arma3Server\@CBA_A3\addons\cba_jr.pbo - fc3156bf
15:01:53 C:\Arma3Server\@CBA_A3\addons\cba_jr_prep.pbo - fc3156bf
15:01:53 C:\Arma3Server\@CBA_A3\addons\cba_keybinding.pbo - fc3156bf
15:01:53 C:\Arma3Server\@CBA_A3\addons\cba_linux.pbo - 7b37670b
15:01:53 C:\Arma3Server\@CBA_A3\addons\cba_main.pbo - fc3156bf
15:01:53 C:\Arma3Server\@CBA_A3\addons\cba_main_a3.pbo - fc3156bf
15:01:53 C:\Arma3Server\@CBA_A3\addons\cba_modules.pbo - fc3156bf
15:01:53 C:\Arma3Server\@CBA_A3\addons\cba_network.pbo - fc3156bf
15:01:53 C:\Arma3Server\@CBA_A3\addons\cba_settings.pbo - fc3156bf
15:01:53 C:\Arma3Server\@CBA_A3\addons\cba_statemachine.pbo - fc3156bf
15:01:53 C:\Arma3Server\@CBA_A3\addons\cba_strings.pbo - fc3156bf
15:01:53 C:\Arma3Server\@CBA_A3\addons\cba_ui.pbo - fc3156bf
15:01:53 C:\Arma3Server\@CBA_A3\addons\cba_ui_helper.pbo - fc3156bf
15:01:53 C:\Arma3Server\@CBA_A3\addons\cba_vectors.pbo - fc3156bf
15:01:53 C:\Arma3Server\@CBA_A3\addons\cba_versioning.pbo - fc3156bf
15:01:53 C:\Arma3Server\@CBA_A3\addons\cba_xeh.pbo - fc3156bf
15:01:53 C:\Arma3Server\expansion\addons\air_f_exp.ebo - 104110
15:01:53 C:\Arma3Server\expansion\addons\anims_f_exp.ebo - 103021
15:01:53 C:\Arma3Server\expansion\addons\armor_f_exp.ebo - 104064
15:01:53 C:\Arma3Server\expansion\addons\boat_f_exp.ebo - 104097
15:01:53 C:\Arma3Server\expansion\addons\cargoposes_f_exp.ebo - 102649
15:01:53 C:\Arma3Server\expansion\addons\characters_f_exp.ebo - 104803
15:01:53 C:\Arma3Server\expansion\addons\data_f_exp.ebo - 104700
15:01:53 C:\Arma3Server\expansion\addons\dubbing_f_exp.ebo - 102566
15:01:53 C:\Arma3Server\expansion\addons\dubbing_radio_f_exp.ebo - 102344
15:01:53 C:\Arma3Server\expansion\addons\dubbing_radio_f_exp_data_chi.ebo - 102574
15:01:53 C:\Arma3Server\expansion\addons\dubbing_radio_f_exp_data_engfre.ebo - 102574
15:01:53 C:\Arma3Server\expansion\addons\dubbing_radio_f_exp_data_fre.ebo - 103187
15:01:53 C:\Arma3Server\expansion\addons\editorpreviews_f_exp.ebo - 104805
15:01:53 C:\Arma3Server\expansion\addons\functions_f_exp.ebo - 102377
15:01:53 C:\Arma3Server\expansion\addons\languagemissions_f_exp.ebo - 106537
15:01:53 C:\Arma3Server\expansion\addons\language_f_exp.ebo - 106537
15:01:53 C:\Arma3Server\expansion\addons\map_data_exp.ebo - 101774
15:01:53 C:\Arma3Server\expansion\addons\map_tanoabuka.ebo - 103522
15:01:53 C:\Arma3Server\expansion\addons\map_tanoabuka_data.ebo - 102638
15:01:53 C:\Arma3Server\expansion\addons\map_tanoabuka_data_layers.ebo - 102461
15:01:53 C:\Arma3Server\expansion\addons\map_tanoabuka_data_layers_00_00.ebo - 102461
15:01:53 C:\Arma3Server\expansion\addons\map_tanoa_scenes_f.ebo - 101568
15:01:53 C:\Arma3Server\expansion\addons\missions_f_exp.ebo - 105876
15:01:53 C:\Arma3Server\expansion\addons\missions_f_exp_data.ebo - 104654
15:01:53 C:\Arma3Server\expansion\addons\missions_f_exp_video.ebo - 102748
15:01:53 C:\Arma3Server\expansion\addons\modules_f_exp.ebo - 101172
15:01:53 C:\Arma3Server\expansion\addons\music_f_exp.ebo - 102056
15:01:53 C:\Arma3Server\expansion\addons\music_f_exp_music.ebo - 102056
15:01:53 C:\Arma3Server\expansion\addons\props_f_exp.ebo - 105103
15:01:53 C:\Arma3Server\expansion\addons\rocks_f_exp.ebo - 102694
15:01:53 C:\Arma3Server\expansion\addons\soft_f_exp.ebo - 104563
15:01:53 C:\Arma3Server\expansion\addons\sounds_f_exp.ebo - 105478
15:01:53 C:\Arma3Server\expansion\addons\static_f_exp.ebo - 103750
15:01:53 C:\Arma3Server\expansion\addons\structures_f_exp.ebo - 104645
15:01:53 C:\Arma3Server\expansion\addons\structures_f_exp_civilian.ebo - 102332
15:01:53 C:\Arma3Server\expansion\addons\structures_f_exp_commercial.ebo - 102337
15:01:53 C:\Arma3Server\expansion\addons\structures_f_exp_cultural.ebo - 102334
15:01:53 C:\Arma3Server\expansion\addons\structures_f_exp_data.ebo - 103085
15:01:53 C:\Arma3Server\expansion\addons\structures_f_exp_industrial.ebo - 102566
15:01:53 C:\Arma3Server\expansion\addons\structures_f_exp_infrastructure.ebo - 104645
15:01:53 C:\Arma3Server\expansion\addons\supplies_f_exp.ebo - 104793
15:01:53 C:\Arma3Server\expansion\addons\ui_f_exp.ebo - 103113
15:01:53 C:\Arma3Server\expansion\addons\vegetation_f_exp.ebo - 103172
15:01:53 C:\Arma3Server\expansion\addons\weapons_f_exp.ebo - 104883
15:01:53 C:\Arma3Server\mark\addons\anims_f_mark.pbo - 99082
15:01:53 C:\Arma3Server\mark\addons\characters_f_mark.pbo - 102108
15:01:53 C:\Arma3Server\mark\addons\data_f_mark.pbo - 100892
15:01:53 C:\Arma3Server\mark\addons\dubbing_f_mark.pbo - 98398
15:01:53 C:\Arma3Server\mark\addons\dubbing_f_mp_mark.pbo - 99082
15:01:53 C:\Arma3Server\mark\addons\functions_f_mark.pbo - 104208
15:01:53 C:\Arma3Server\mark\addons\functions_f_mp_mark.pbo - 106042
15:01:53 C:\Arma3Server\mark\addons\languagemissions_f_mark.pbo - 106537
15:01:53 C:\Arma3Server\mark\addons\languagemissions_f_mp_mark.pbo - 106322
15:01:53 C:\Arma3Server\mark\addons\language_f_mark.pbo - 106537
15:01:53 C:\Arma3Server\mark\addons\language_f_mp_mark.pbo - 106537
15:01:53 C:\Arma3Server\mark\addons\missions_f_mark.pbo - 102917
15:01:53 C:\Arma3Server\mark\addons\missions_f_mark_data.pbo - 99082
15:01:53 C:\Arma3Server\mark\addons\missions_f_mark_video.pbo - 99082
15:01:53 C:\Arma3Server\mark\addons\missions_f_mp_mark.pbo - 103393
15:01:53 C:\Arma3Server\mark\addons\missions_f_mp_mark_data.pbo - 99084
15:01:53 C:\Arma3Server\mark\addons\modules_f_mark.pbo - 99085
15:01:53 C:\Arma3Server\mark\addons\modules_f_mp_mark.pbo - 105876
15:01:53 C:\Arma3Server\mark\addons\music_f_mark.pbo - 98422
15:01:53 C:\Arma3Server\mark\addons\music_f_mark_music.pbo - 99086
15:01:53 C:\Arma3Server\mark\addons\sounds_f_mark.pbo - 99087
15:01:53 C:\Arma3Server\mark\addons\static_f_mark.pbo - 103750
15:01:53 C:\Arma3Server\mark\addons\structures_f_mark.pbo - 99089
15:01:53 C:\Arma3Server\mark\addons\supplies_f_mark.pbo - 103750
15:01:53 C:\Arma3Server\mark\addons\ui_f_mark.pbo - 99090
15:01:53 C:\Arma3Server\mark\addons\ui_f_mp_mark.pbo - 99090
15:01:53 C:\Arma3Server\mark\addons\weapons_f_mark.pbo - 103768
15:01:53 C:\Arma3Server\heli\addons\air_f_heli.pbo - 104320
15:01:53 C:\Arma3Server\heli\addons\anims_f_heli.pbo - 99082
15:01:53 C:\Arma3Server\heli\addons\boat_f_heli.pbo - 103750
15:01:53 C:\Arma3Server\heli\addons\cargoposes_f_heli.pbo - 103864
15:01:53 C:\Arma3Server\heli\addons\data_f_heli.pbo - 100892
15:01:53 C:\Arma3Server\heli\addons\dubbing_f_heli.pbo - 98398
15:01:53 C:\Arma3Server\heli\addons\functions_f_heli.pbo - 99082
15:01:53 C:\Arma3Server\heli\addons\languagemissions_f_heli.pbo - 106537
15:01:53 C:\Arma3Server\heli\addons\language_f_heli.pbo - 106537
15:01:53 C:\Arma3Server\heli\addons\missions_f_heli.pbo - 104274
15:01:53 C:\Arma3Server\heli\addons\missions_f_heli_data.pbo - 99082
15:01:53 C:\Arma3Server\heli\addons\missions_f_heli_video.pbo - 99082
15:01:53 C:\Arma3Server\heli\addons\modules_f_heli.pbo - 104276
15:01:53 C:\Arma3Server\heli\addons\music_f_heli.pbo - 98423
15:01:53 C:\Arma3Server\heli\addons\music_f_heli_music.pbo - 99086
15:01:53 C:\Arma3Server\heli\addons\soft_f_heli.pbo - 103750
15:01:53 C:\Arma3Server\heli\addons\sounds_f_heli.pbo - 99086
15:01:53 C:\Arma3Server\heli\addons\structures_f_heli.pbo - 101719
15:01:53 C:\Arma3Server\heli\addons\supplies_f_heli.pbo - 103750
15:01:53 C:\Arma3Server\heli\addons\ui_f_heli.pbo - 99090
15:01:53 C:\Arma3Server\kart\addons\anims_f_kart.pbo - 99082
15:01:53 C:\Arma3Server\kart\addons\characters_f_kart.pbo - 99082
15:01:53 C:\Arma3Server\kart\addons\data_f_kart.pbo - 100651
15:01:53 C:\Arma3Server\kart\addons\languagemissions_f_kart.pbo - 106537
15:01:53 C:\Arma3Server\kart\addons\language_f_kart.pbo - 106537
15:01:53 C:\Arma3Server\kart\addons\missions_f_kart.pbo - 104383
15:01:53 C:\Arma3Server\kart\addons\missions_f_kart_data.pbo - 99082
15:01:53 C:\Arma3Server\kart\addons\modules_f_kart.pbo - 99085
15:01:53 C:\Arma3Server\kart\addons\modules_f_kart_data.pbo - 99085
15:01:53 C:\Arma3Server\kart\addons\soft_f_kart.pbo - 103750
15:01:53 C:\Arma3Server\kart\addons\sounds_f_kart.pbo - 99086
15:01:53 C:\Arma3Server\kart\addons\structures_f_kart.pbo - 101717
15:01:53 C:\Arma3Server\kart\addons\ui_f_kart.pbo - 99090
15:01:53 C:\Arma3Server\kart\addons\weapons_f_kart.pbo - 99090
15:01:53 C:\Arma3Server\curator\addons\data_f_curator.pbo - 103921
15:01:53 C:\Arma3Server\curator\addons\functions_f_curator.pbo - 99082
15:01:53 C:\Arma3Server\curator\addons\language_f_curator.pbo - 106537
15:01:53 C:\Arma3Server\curator\addons\missions_f_curator.pbo - 103884
15:01:53 C:\Arma3Server\curator\addons\modules_f_curator.pbo - 103372
15:01:53 C:\Arma3Server\curator\addons\ui_f_curator.pbo - 105558
15:01:53 C:\Arma3Server\@infiSTAR_A3\addons\a3_infistar.pbo - unknown
15:01:53 C:\Arma3Server\@hive\addons\viruz_server.pbo - unknown
15:01:53 addons\3den.pbo - 105763
15:01:53 addons\3den_language.pbo - 106535
15:01:53 addons\a3.pbo - unknown
15:01:53 addons\air_f.pbo - 103749
15:01:53 addons\air_f_beta.pbo - 104183
15:01:53 addons\air_f_epb.pbo - 103749
15:01:53 addons\air_f_epc.pbo - 103749
15:01:53 addons\air_f_gamma.pbo - 103749
15:01:53 addons\animals_f.pbo - 100090
15:01:53 addons\animals_f_beta.pbo - 100090
15:01:53 addons\anims_f.pbo - 103716
15:01:53 addons\anims_f_bootcamp.pbo - 99081
15:01:53 addons\anims_f_data.pbo - 103820
15:01:53 addons\anims_f_epa.pbo - 99082
15:01:53 addons\anims_f_epc.pbo - 99082
15:01:53 addons\anims_f_exp_a.pbo - 99908
15:01:53 addons\armor_f.pbo - 103750
15:01:53 addons\armor_f_beta.pbo - 103749
15:01:53 addons\armor_f_epb.pbo - 103749
15:01:53 addons\armor_f_epc.pbo - 103749
15:01:53 addons\armor_f_gamma.pbo - 103749
15:01:53 addons\baseconfig_f.pbo - 99080
15:01:53 addons\boat_f.pbo - 103749
15:01:53 addons\boat_f_beta.pbo - 103750
15:01:53 addons\boat_f_epc.pbo - 103750
15:01:53 addons\boat_f_gamma.pbo - 103750
15:01:53 addons\cargoposes_f.pbo - 102701
15:01:53 addons\characters_f.pbo - 104996
15:01:53 addons\characters_f_beta.pbo - 101172
15:01:53 addons\characters_f_bootcamp.pbo - 100169
15:01:53 addons\characters_f_epa.pbo - 99082
15:01:53 addons\characters_f_epb.pbo - 99082
15:01:53 addons\characters_f_epc.pbo - 99082
15:01:53 addons\characters_f_gamma.pbo - 99374
15:01:53 addons\data_f.pbo - 104696
15:01:53 addons\data_f_bootcamp.pbo - 100892
15:01:53 addons\data_f_exp_a.pbo - 99082
15:01:53 addons\data_f_exp_b.pbo - 98643
15:01:53 addons\drones_f.pbo - 103750
15:01:53 addons\dubbing_f.pbo - 98398
15:01:53 addons\dubbing_f_beta.pbo - 98398
15:01:53 addons\dubbing_f_bootcamp.pbo - 98398
15:01:53 addons\dubbing_f_epa.pbo - 98398
15:01:53 addons\dubbing_f_epb.pbo - 98398
15:01:53 addons\dubbing_f_epc.pbo - 98398
15:01:53 addons\dubbing_f_gamma.pbo - 98398
15:01:53 addons\dubbing_radio_f.pbo - 99982
15:01:53 addons\dubbing_radio_f_data_eng.pbo - 99078
15:01:53 addons\dubbing_radio_f_data_engb.pbo - 99078
15:01:53 addons\dubbing_radio_f_data_gre.pbo - 99078
15:01:53 addons\dubbing_radio_f_data_per.pbo - 99078
15:01:53 addons\dubbing_radio_f_data_vr.pbo - 99078
15:01:53 addons\editorpreviews_f.pbo - 103691
15:01:53 addons\editor_f.pbo - 99082
15:01:53 addons\functions_f.pbo - 105478
15:01:53 addons\functions_f_bootcamp.pbo - 104210
15:01:53 addons\functions_f_epa.pbo - 99082
15:01:53 addons\functions_f_epc.pbo - 99082
15:01:53 addons\functions_f_exp_a.pbo - 104562
15:01:53 addons\languagemissions_f.pbo - 106537
15:01:53 addons\languagemissions_f_beta.pbo - 106537
15:01:53 addons\languagemissions_f_bootcamp.pbo - 106537
15:01:53 addons\languagemissions_f_epa.pbo - 106537
15:01:53 addons\languagemissions_f_epb.pbo - 106537
15:01:53 addons\languagemissions_f_epc.pbo - 106537
15:01:53 addons\languagemissions_f_exp_a.pbo - 106537
15:01:53 addons\languagemissions_f_gamma.pbo - 106537
15:01:53 addons\language_f.pbo - 105615
15:01:53 addons\language_f_beta.pbo - 106535
15:01:53 addons\language_f_bootcamp.pbo - 106536
15:01:53 addons\language_f_epa.pbo - 106537
15:01:53 addons\language_f_epb.pbo - 106537
15:01:53 addons\language_f_epc.pbo - 106537
15:01:53 addons\language_f_exp_a.pbo - 106537
15:01:53 addons\language_f_exp_b.pbo - 106537
15:01:53 addons\language_f_gamma.pbo - 106537
15:01:53 addons\map_altis.pbo - 103962
15:01:53 addons\map_altis_data.pbo - 99740
15:01:53 addons\map_altis_data_layers.pbo - 99901
15:01:53 addons\map_altis_data_layers_00_00.pbo - 99901
15:01:53 addons\map_altis_data_layers_00_01.pbo - 99901
15:01:53 addons\map_altis_data_layers_01_00.pbo - 99901
15:01:53 addons\map_altis_data_layers_01_01.pbo - 99901
15:01:53 addons\map_altis_scenes_f.pbo - 101568
15:01:53 addons\map_data.pbo - 103018
15:01:53 addons\map_stratis.pbo - 103932
15:01:53 addons\map_stratis_data.pbo - 99082
15:01:53 addons\map_stratis_data_layers.pbo - 99082
15:01:53 addons\map_stratis_scenes_f.pbo - 101568
15:01:53 addons\map_vr.pbo - 98784
15:01:53 addons\map_vr_scenes_f.pbo - 101569
15:01:53 addons\misc_f.pbo - 99082
15:01:53 addons\missions_f.pbo - 105808
15:01:53 addons\missions_f_beta.pbo - 99082
15:01:53 addons\missions_f_beta_data.pbo - 99082
15:01:53 addons\missions_f_beta_video.pbo - 99082
15:01:53 addons\missions_f_bootcamp.pbo - 104150
15:01:53 addons\missions_f_bootcamp_data.pbo - 99082
15:01:53 addons\missions_f_bootcamp_video.pbo - 99082
15:01:53 addons\missions_f_data.pbo - 99082
15:01:53 addons\missions_f_epa.pbo - 104331
15:01:53 addons\missions_f_epa_data.pbo - 99082
15:01:53 addons\missions_f_epa_video.pbo - 99082
15:01:53 addons\missions_f_epb.pbo - 99082
15:01:53 addons\missions_f_epc.pbo - 99082
15:01:53 addons\missions_f_exp_a.pbo - 105043
15:01:53 addons\missions_f_exp_a_data.pbo - 98702
15:01:53 addons\missions_f_gamma.pbo - 104054
15:01:53 addons\missions_f_gamma_data.pbo - 99082
15:01:53 addons\missions_f_gamma_video.pbo - 99082
15:01:53 addons\missions_f_video.pbo - 99084
15:01:53 addons\modules_f.pbo - 104380
15:01:53 addons\modules_f_beta.pbo - 99084
15:01:53 addons\modules_f_beta_data.pbo - 99084
15:01:53 addons\modules_f_bootcamp.pbo - 99085
15:01:53 addons\modules_f_data.pbo - 99085
15:01:53 addons\modules_f_epb.pbo - 99085
15:01:53 addons\modules_f_exp_a.pbo - 99085
15:01:53 addons\music_f.pbo - 99086
15:01:53 addons\music_f_bootcamp.pbo - 98422
15:01:53 addons\music_f_bootcamp_music.pbo - 99086
15:01:53 addons\music_f_epa.pbo - 98422
15:01:53 addons\music_f_epa_music.pbo - 99086
15:01:53 addons\music_f_epb.pbo - 98422
15:01:53 addons\music_f_epb_music.pbo - 99086
15:01:53 addons\music_f_epc.pbo - 98423
15:01:53 addons\music_f_epc_music.pbo - 99086
15:01:53 addons\music_f_music.pbo - 99086
15:01:53 addons\plants_f.pbo - 102349
15:01:53 addons\props_f_exp_a.pbo - 103750
15:01:53 addons\roads_f.pbo - 98423
15:01:53 addons\rocks_f.pbo - 101831
15:01:53 addons\signs_f.pbo - 99349
15:01:53 addons\soft_f.pbo - 103750
15:01:53 addons\soft_f_beta.pbo - 103862
15:01:53 addons\soft_f_bootcamp.pbo - 103750
15:01:53 addons\soft_f_epc.pbo - 103750
15:01:53 addons\soft_f_gamma.pbo - 103750
15:01:53 addons\sounds_f.pbo - 105478
15:01:53 addons\sounds_f_arsenal.pbo - 105059
15:01:53 addons\sounds_f_bootcamp.pbo - 99086
15:01:53 addons\sounds_f_characters.pbo - 101934
15:01:53 addons\sounds_f_environment.pbo - 101781
15:01:53 addons\sounds_f_epb.pbo - 99086
15:01:53 addons\sounds_f_epc.pbo - 103120
15:01:53 addons\sounds_f_exp_a.pbo - 99086
15:01:53 addons\sounds_f_sfx.pbo - 99087
15:01:53 addons\sounds_f_vehicles.pbo - 101781
15:01:53 addons\static_f.pbo - 103750
15:01:53 addons\static_f_beta.pbo - 103750
15:01:53 addons\static_f_gamma.pbo - 103750
15:01:53 addons\structures_f.pbo - 103818
15:01:53 addons\structures_f_bootcamp.pbo - 101830
15:01:53 addons\structures_f_data.pbo - 100167
15:01:53 addons\structures_f_epa.pbo - 99891
15:01:53 addons\structures_f_epb.pbo - 101868
15:01:53 addons\structures_f_epc.pbo - 101721
15:01:53 addons\structures_f_exp_a.pbo - 99087
15:01:53 addons\structures_f_households.pbo - 103767
15:01:53 addons\structures_f_ind.pbo - 102260
15:01:53 addons\structures_f_mil.pbo - 102891
15:01:53 addons\structures_f_wrecks.pbo - 99089
15:01:53 addons\uifonts_f.pbo - 99090
15:01:53 addons\uifonts_f_data.pbo - 99090
15:01:53 addons\ui_f.pbo - 106102
15:01:53 addons\ui_f_bootcamp.pbo - 101548
15:01:53 addons\ui_f_data.pbo - 104852
15:01:53 addons\ui_f_exp_a.pbo - 99090
15:01:53 addons\weapons_f.pbo - 104785
15:01:53 addons\weapons_f_beta.pbo - 104151
15:01:53 addons\weapons_f_bootcamp.pbo - 99090
15:01:53 addons\weapons_f_epa.pbo - 99090
15:01:53 addons\weapons_f_epb.pbo - 99090
15:01:53 addons\weapons_f_epc.pbo - 99090
15:01:53 addons\weapons_f_gamma.pbo - 99090
15:01:53 
15:01:53 =======================
15:01:53 
15:01:53 ============================================================================================= List of mods ===============================================================================================
15:01:53 modsReadOnly = true
15:01:53 safeModsActivated = false
15:01:53 customMods = true
15:01:53 hash = '814E8CE84191E3213B4875EC1A22B4B5AEF0967C'
15:01:53 hashShort = '94c09875'
15:01:53                                               name |               modDir |    default |               origin |                                     hash | hashShort | fullPath
15:01:53 ----------------------------------------------------------------------------------------------------------------------------------------------------------------------------------------------------------
15:01:53                                  CUP Weapons 1.7.1 |         @CUP_Weapons |      false |             GAME DIR | 856c0ec6dd93fbde587ff390a6d5b638aa01e365 |  3989aea4 | C:\Arma3Server\@CUP_Weapons
15:01:53                          CUP Terrains - Maps 1.2.0 | @CUP_Terrains_Maps-1.2.0 |      false |             GAME DIR | d7cccea737507a9a009220ae4762dd2a9f17c1af |  58858ce3 | C:\Arma3Server\@CUP_Terrains_Maps-1.2.0
15:01:53                          CUP Terrains - Core 1.2.0 | @CUP_Terrains_Core-1.2.0 |      false |             GAME DIR | 77e21c4946715ecee65088bfa2560e0db28e6abb |  29811dad | C:\Arma3Server\@CUP_Terrains_Core-1.2.0
15:01:53                                          ViruZ Mod |               @ViruZ |      false |             GAME DIR | f6ae6c65e9b2c1e179ec1d6fa9d4d3d44b4c730f |  e113522f | C:\Arma3Server\@ViruZ
15:01:53                       Community Base Addons v3.1.0 |              @CBA_A3 |      false |             GAME DIR | b29bde517d52b92366a386a4a12af82b030b7e98 |  7951337e | C:\Arma3Server\@CBA_A3
15:01:53                                  Arma 3 DLC Bundle |            dlcbundle |       true |            NOT FOUND |                                          |           | 
15:01:53                                        Arma 3 Apex |            expansion |       true |             GAME DIR | 61bb8023710fa4aaffc832b931c49b70631174de |  ebd28e4e | C:\Arma3Server\expansion
15:01:53                                    Arma 3 Marksmen |                 mark |       true |             GAME DIR | 0971723f28503ceb2d8fe097a2544c0fb258d060 |  84da09ae | C:\Arma3Server\mark
15:01:53                                 Arma 3 Helicopters |                 heli |       true |             GAME DIR | d17b2a88ac41c5a119720fd3d221a782a70a1415 |  2305f73b | C:\Arma3Server\heli
15:01:53                                       Arma 3 Karts |                 kart |       true |             GAME DIR | c749aafea5426edb670fc5b77c0de405a9728b9c |  91d04a48 | C:\Arma3Server\kart
15:01:53                                        Arma 3 Zeus |              curator |       true |             GAME DIR | 6b019b4d61f82db3bb1bcbaf22f2b90522f076fa |  512c52af | C:\Arma3Server\curator
15:01:53                                             Arma 3 |                   A3 |       true |            NOT FOUND |                                          |           | 
15:01:53                                       @infiSTAR_A3 |         @infiSTAR_A3 |      false |             GAME DIR | da39a3ee5e6b4b0d3255bfef95601890afd80709 |  11fdd19c | C:\Arma3Server\@infiSTAR_A3
15:01:53                                              @hive |                @hive |      false |             GAME DIR | da39a3ee5e6b4b0d3255bfef95601890afd80709 |  11fdd19c | C:\Arma3Server\@hive
15:01:53 ==========================================================================================================================================================================================================
15:01:53 InitSound ...
15:01:53 InitSound - complete
15:01:53 PhysX3 SDK Init started ...
15:01:53 PhysX3 SDK Init ended.
